Archive member included to satisfy reference by file (symbol)

c:/program files (x86)/atmel/studio/7.0/toolchain/avr8/avr8-gnu-toolchain/bin/../lib/gcc/avr/5.4.0/../../../../avr/lib/avr5\libm.a(addsf3.o)
                              Atmega32-drivers/HAL/LCD/LCD.o (__subsf3)
c:/program files (x86)/atmel/studio/7.0/toolchain/avr8/avr8-gnu-toolchain/bin/../lib/gcc/avr/5.4.0/../../../../avr/lib/avr5\libm.a(addsf3x.o)
                              c:/program files (x86)/atmel/studio/7.0/toolchain/avr8/avr8-gnu-toolchain/bin/../lib/gcc/avr/5.4.0/../../../../avr/lib/avr5\libm.a(addsf3.o) (__addsf3x)
c:/program files (x86)/atmel/studio/7.0/toolchain/avr8/avr8-gnu-toolchain/bin/../lib/gcc/avr/5.4.0/../../../../avr/lib/avr5\libm.a(cmpsf2.o)
                              Atmega32-drivers/HAL/LCD/LCD.o (__ltsf2)
c:/program files (x86)/atmel/studio/7.0/toolchain/avr8/avr8-gnu-toolchain/bin/../lib/gcc/avr/5.4.0/../../../../avr/lib/avr5\libm.a(divsf3.o)
                              Atmega32-drivers/HAL/Servo Motor/Servo.o (__divsf3)
c:/program files (x86)/atmel/studio/7.0/toolchain/avr8/avr8-gnu-toolchain/bin/../lib/gcc/avr/5.4.0/../../../../avr/lib/avr5\libm.a(divsf3x.o)
                              c:/program files (x86)/atmel/studio/7.0/toolchain/avr8/avr8-gnu-toolchain/bin/../lib/gcc/avr/5.4.0/../../../../avr/lib/avr5\libm.a(divsf3.o) (__divsf3x)
c:/program files (x86)/atmel/studio/7.0/toolchain/avr8/avr8-gnu-toolchain/bin/../lib/gcc/avr/5.4.0/../../../../avr/lib/avr5\libm.a(fixunssfsi.o)
                              Atmega32-drivers/HAL/LCD/LCD.o (__fixunssfsi)
c:/program files (x86)/atmel/studio/7.0/toolchain/avr8/avr8-gnu-toolchain/bin/../lib/gcc/avr/5.4.0/../../../../avr/lib/avr5\libm.a(floatsisf.o)
                              Atmega32-drivers/HAL/LCD/LCD.o (__floatunsisf)
c:/program files (x86)/atmel/studio/7.0/toolchain/avr8/avr8-gnu-toolchain/bin/../lib/gcc/avr/5.4.0/../../../../avr/lib/avr5\libm.a(fp_cmp.o)
                              c:/program files (x86)/atmel/studio/7.0/toolchain/avr8/avr8-gnu-toolchain/bin/../lib/gcc/avr/5.4.0/../../../../avr/lib/avr5\libm.a(cmpsf2.o) (__fp_cmp)
c:/program files (x86)/atmel/studio/7.0/toolchain/avr8/avr8-gnu-toolchain/bin/../lib/gcc/avr/5.4.0/../../../../avr/lib/avr5\libm.a(fp_inf.o)
                              c:/program files (x86)/atmel/studio/7.0/toolchain/avr8/avr8-gnu-toolchain/bin/../lib/gcc/avr/5.4.0/../../../../avr/lib/avr5\libm.a(addsf3x.o) (__fp_inf)
c:/program files (x86)/atmel/studio/7.0/toolchain/avr8/avr8-gnu-toolchain/bin/../lib/gcc/avr/5.4.0/../../../../avr/lib/avr5\libm.a(fp_nan.o)
                              c:/program files (x86)/atmel/studio/7.0/toolchain/avr8/avr8-gnu-toolchain/bin/../lib/gcc/avr/5.4.0/../../../../avr/lib/avr5\libm.a(addsf3x.o) (__fp_nan)
c:/program files (x86)/atmel/studio/7.0/toolchain/avr8/avr8-gnu-toolchain/bin/../lib/gcc/avr/5.4.0/../../../../avr/lib/avr5\libm.a(fp_pscA.o)
                              c:/program files (x86)/atmel/studio/7.0/toolchain/avr8/avr8-gnu-toolchain/bin/../lib/gcc/avr/5.4.0/../../../../avr/lib/avr5\libm.a(addsf3x.o) (__fp_pscA)
c:/program files (x86)/atmel/studio/7.0/toolchain/avr8/avr8-gnu-toolchain/bin/../lib/gcc/avr/5.4.0/../../../../avr/lib/avr5\libm.a(fp_pscB.o)
                              c:/program files (x86)/atmel/studio/7.0/toolchain/avr8/avr8-gnu-toolchain/bin/../lib/gcc/avr/5.4.0/../../../../avr/lib/avr5\libm.a(addsf3x.o) (__fp_pscB)
c:/program files (x86)/atmel/studio/7.0/toolchain/avr8/avr8-gnu-toolchain/bin/../lib/gcc/avr/5.4.0/../../../../avr/lib/avr5\libm.a(fp_round.o)
                              c:/program files (x86)/atmel/studio/7.0/toolchain/avr8/avr8-gnu-toolchain/bin/../lib/gcc/avr/5.4.0/../../../../avr/lib/avr5\libm.a(addsf3.o) (__fp_round)
c:/program files (x86)/atmel/studio/7.0/toolchain/avr8/avr8-gnu-toolchain/bin/../lib/gcc/avr/5.4.0/../../../../avr/lib/avr5\libm.a(fp_split3.o)
                              c:/program files (x86)/atmel/studio/7.0/toolchain/avr8/avr8-gnu-toolchain/bin/../lib/gcc/avr/5.4.0/../../../../avr/lib/avr5\libm.a(addsf3x.o) (__fp_split3)
c:/program files (x86)/atmel/studio/7.0/toolchain/avr8/avr8-gnu-toolchain/bin/../lib/gcc/avr/5.4.0/../../../../avr/lib/avr5\libm.a(fp_zero.o)
                              c:/program files (x86)/atmel/studio/7.0/toolchain/avr8/avr8-gnu-toolchain/bin/../lib/gcc/avr/5.4.0/../../../../avr/lib/avr5\libm.a(addsf3x.o) (__fp_zero)
c:/program files (x86)/atmel/studio/7.0/toolchain/avr8/avr8-gnu-toolchain/bin/../lib/gcc/avr/5.4.0/../../../../avr/lib/avr5\libm.a(mulsf3.o)
                              Atmega32-drivers/HAL/LCD/LCD.o (__mulsf3)
c:/program files (x86)/atmel/studio/7.0/toolchain/avr8/avr8-gnu-toolchain/bin/../lib/gcc/avr/5.4.0/../../../../avr/lib/avr5\libm.a(mulsf3x.o)
                              c:/program files (x86)/atmel/studio/7.0/toolchain/avr8/avr8-gnu-toolchain/bin/../lib/gcc/avr/5.4.0/../../../../avr/lib/avr5\libm.a(mulsf3.o) (__mulsf3x)
[...]
Memory Configuration

Name             Origin             Length             Attributes
text             0x00000000         0x00020000         xr
data             0x00800060         0x0000ffa0         rw !x
eeprom           0x00810000         0x00010000         rw !x
fuse             0x00820000         0x00000002         rw !x
lock             0x00830000         0x00000400         rw !x
signature        0x00840000         0x00000400         rw !x
user_signatures  0x00850000         0x00000400         rw !x
*default*        0x00000000         0xffffffff

Linker script and memory map

LOAD C:/Program Files (x86)/Atmel/Studio/7.0/Packs/atmel/ATmega_DFP/1.3.300/gcc/dev/atmega32a/avr5/crtatmega32a.o
LOAD Atmega32-drivers/HAL/7Seg/seg.o
LOAD Atmega32-drivers/HAL/KeyPad/KeyPad.o
LOAD Atmega32-drivers/HAL/LCD/LCD.o
LOAD Atmega32-drivers/HAL/Servo Motor/Servo.o
LOAD Atmega32-drivers/MCAL/ADC/ADC.o
LOAD Atmega32-drivers/MCAL/DIO/DIO.o
LOAD Atmega32-drivers/MCAL/External_Interrupt/EXTI.o
LOAD Atmega32-drivers/MCAL/SPI/SPI.o
LOAD Atmega32-drivers/MCAL/Timer/Timer.o
LOAD Atmega32-drivers/MCAL/UART/UART.o
LOAD Atmega32-drivers/RTOS/croutine.o
LOAD Atmega32-drivers/RTOS/event_groups.o
LOAD Atmega32-drivers/RTOS/heap_2.o
LOAD Atmega32-drivers/RTOS/list.o
LOAD Atmega32-drivers/RTOS/port.o
LOAD Atmega32-drivers/RTOS/queue.o
LOAD Atmega32-drivers/RTOS/stream_buffer.o
LOAD Atmega32-drivers/RTOS/tasks.o
LOAD Atmega32-drivers/RTOS/timers.o
LOAD main.o
START GROUP
LOAD c:/program files (x86)/atmel/studio/7.0/toolchain/avr8/avr8-gnu-toolchain/bin/../lib/gcc/avr/5.4.0/../../../../avr/lib/avr5\libm.a
END GROUP
START GROUP
LOAD c:/program files (x86)/atmel/studio/7.0/toolchain/avr8/avr8-gnu-toolchain/bin/../lib/gcc/avr/5.4.0/avr5\libgcc.a
LOAD c:/program files (x86)/atmel/studio/7.0/toolchain/avr8/avr8-gnu-toolchain/bin/../lib/gcc/avr/5.4.0/../../../../avr/lib/avr5\libm.a
LOAD c:/program files (x86)/atmel/studio/7.0/toolchain/avr8/avr8-gnu-toolchain/bin/../lib/gcc/avr/5.4.0/../../../../avr/lib/avr5\libc.a
LOAD C:/Program Files (x86)/Atmel/Studio/7.0/Packs/atmel/ATmega_DFP/1.3.300/gcc/dev/atmega32a/avr5\libatmega32a.a
END GROUP
                0x00000000                __TEXT_REGION_ORIGIN__ = DEFINED (__TEXT_REGION_ORIGIN__)?__TEXT_REGION_ORIGIN__:0x0
                0x00800060                __DATA_REGION_ORIGIN__ = DEFINED (__DATA_REGION_ORIGIN__)?__DATA_REGION_ORIGIN__:0x800060
                0x00020000                __TEXT_REGION_LENGTH__ = DEFINED (__TEXT_REGION_LENGTH__)?__TEXT_REGION_LENGTH__:0x20000
                0x0000ffa0                __DATA_REGION_LENGTH__ = DEFINED (__DATA_REGION_LENGTH__)?__DATA_REGION_LENGTH__:0xffa0
                0x00010000                __EEPROM_REGION_LENGTH__ = DEFINED (__EEPROM_REGION_LENGTH__)?__EEPROM_REGION_LENGTH__:0x10000
                [0x00000002]                __FUSE_REGION_LENGTH__ = DEFINED (__FUSE_REGION_LENGTH__)?__FUSE_REGION_LENGTH__:0x400
                0x00000400                __LOCK_REGION_LENGTH__ = DEFINED (__LOCK_REGION_LENGTH__)?__LOCK_REGION_LENGTH__:0x400
                0x00000400                __SIGNATURE_REGION_LENGTH__ = DEFINED (__SIGNATURE_REGION_LENGTH__)?__SIGNATURE_REGION_LENGTH__:0x400
                0x00000400                __USER_SIGNATURE_REGION_LENGTH__ = DEFINED (__USER_SIGNATURE_REGION_LENGTH__)?__USER_SIGNATURE_REGION_LENGTH__:0x400

.hash
 *(.hash)

.dynsym
 *(.dynsym)

.dynstr
 *(.dynstr)

.gnu.version
 *(.gnu.version)

.gnu.version_d
 *(.gnu.version_d)

.gnu.version_r
 *(.gnu.version_r)

.rel.init
 *(.rel.init)

.rela.init
 *(.rela.init)

.rel.text
 *(.rel.text)
 *(.rel.text.*)
 *(.rel.gnu.linkonce.t*)

.rela.text
 *(.rela.text)
 *(.rela.text.*)
 *(.rela.gnu.linkonce.t*)

.rel.fini
 *(.rel.fini)

.rela.fini
 *(.rela.fini)

.rel.rodata
 *(.rel.rodata)
 *(.rel.rodata.*)
 *(.rel.gnu.linkonce.r*)

.rela.rodata
 *(.rela.rodata)
 *(.rela.rodata.*)
 *(.rela.gnu.linkonce.r*)

.rel.data
 *(.rel.data)
 *(.rel.data.*)
 *(.rel.gnu.linkonce.d*)

.rela.data
 *(.rela.data)
 *(.rela.data.*)
 *(.rela.gnu.linkonce.d*)

.rel.ctors
 *(.rel.ctors)

.rela.ctors
 *(.rela.ctors)

.rel.dtors
 *(.rel.dtors)

.rela.dtors
 *(.rela.dtors)

.rel.got
 *(.rel.got)

.rela.got
 *(.rela.got)

.rel.bss
 *(.rel.bss)

.rela.bss
 *(.rela.bss)

.rel.plt
 *(.rel.plt)

.rela.plt
 *(.rela.plt)

.text           0x00000000     0x1af6
 *(.vectors)
 .vectors       0x00000000       0x54 C:/Program Files (x86)/Atmel/Studio/7.0/Packs/atmel/ATmega_DFP/1.3.300/gcc/dev/atmega32a/avr5/crtatmega32a.o
                0x00000000                __vector_default
                0x00000000                __vectors
 *(.vectors)
 *(.progmem.gcc*)
 .progmem.gcc_sw_table.DIO_WritePinDir
                0x00000054       0x48 Atmega32-drivers/MCAL/DIO/DIO.o
 .progmem.gcc_sw_table.DIO_WritePin
                0x0000009c       0x48 Atmega32-drivers/MCAL/DIO/DIO.o
 .progmem.gcc_sw_table.DIO_ReadPin
                0x000000e4       0x48 Atmega32-drivers/MCAL/DIO/DIO.o
 .progmem.gcc_sw_table.Dio_WritePortLevel
                0x0000012c       0x48 Atmega32-drivers/MCAL/DIO/DIO.o
 .progmem.gcc_sw_table.Dio_WriteHighNibbleVal
                0x00000174       0x48 Atmega32-drivers/MCAL/DIO/DIO.o
 .progmem.gcc_sw_table.Dio_WriteHighNibbleDir
                0x000001bc       0x48 Atmega32-drivers/MCAL/DIO/DIO.o
 .progmem.gcc_sw_table.Dio_WriteLowNibbleDir
                0x00000204       0x48 Atmega32-drivers/MCAL/DIO/DIO.o
                0x0000024c                . = ALIGN (0x2)
                0x0000024c                __trampolines_start = .
 *(.trampolines)
 .trampolines   0x0000024c        0x0 linker stubs
 *(.trampolines*)
                0x0000024c                __trampolines_end = .
 *libprintf_flt.a:*(.progmem.data)
 *libc.a:*(.progmem.data)
 *(.progmem*)
                0x0000024c                . = ALIGN (0x2)
 *(.jumptables)
 *(.jumptables*)
 *(.lowtext)
 *(.lowtext*)
                0x0000024c                __ctors_start = .
 *(.ctors)
                0x0000024c                __ctors_end = .
                0x0000024c                __dtors_start = .
 *(.dtors)
                0x0000024c                __dtors_end = .
 SORT(*)(.ctors)
 SORT(*)(.dtors)
 *(.init0)
 .init0         0x0000024c        0x0 C:/Program Files (x86)/Atmel/Studio/7.0/Packs/atmel/ATmega_DFP/1.3.300/gcc/dev/atmega32a/avr5/crtatmega32a.o
                0x0000024c                __init
 *(.init0)
 *(.init1)
 *(.init1)
 *(.init2)
 .init2         0x0000024c        0xc C:/Program Files (x86)/Atmel/Studio/7.0/Packs/atmel/ATmega_DFP/1.3.300/gcc/dev/atmega32a/avr5/crtatmega32a.o
 *(.init2)
 *(.init3)
 *(.init3)
 *(.init4)
 .init4         0x00000258       0x16 c:/program files (x86)/atmel/studio/7.0/toolchain/avr8/avr8-gnu-toolchain/bin/../lib/gcc/avr/5.4.0/avr5\libgcc.a(_copy_data.o)
                0x00000258                __do_copy_data
 .init4         0x0000026e       0x10 c:/program files (x86)/atmel/studio/7.0/toolchain/avr8/avr8-gnu-toolchain/bin/../lib/gcc/avr/5.4.0/avr5\libgcc.a(_clear_bss.o)
                0x0000026e                __do_clear_bss
 *(.init4)
 *(.init5)
 *(.init5)
 *(.init6)
 *(.init6)
 *(.init7)
 *(.init7)
 *(.init8)
 *(.init8)
 *(.init9)
 .init9         0x0000027e        0x8 C:/Program Files (x86)/Atmel/Studio/7.0/Packs/atmel/ATmega_DFP/1.3.300/gcc/dev/atmega32a/avr5/crtatmega32a.o
 *(.init9)
 *(.text)
 .text          0x00000286        0x4 C:/Program Files (x86)/Atmel/Studio/7.0/Packs/atmel/ATmega_DFP/1.3.300/gcc/dev/atmega32a/avr5/crtatmega32a.o
                0x00000286                __vector_1
                0x00000286                __vector_12
                0x00000286                __bad_interrupt
                0x00000286                __vector_6
                0x00000286                __vector_3
                0x00000286                __vector_11
                0x00000286                __vector_13
                0x00000286                __vector_17
                0x00000286                __vector_19
                0x00000286                __vector_5
                0x00000286                __vector_4
                0x00000286                __vector_9
                0x00000286                __vector_2
                0x00000286                __vector_15
                0x00000286                __vector_8
                0x00000286                __vector_14
                0x00000286                __vector_10
                0x00000286                __vector_16
                0x00000286                __vector_18
                0x00000286                __vector_20
                0x0000028a                . = ALIGN (0x2)
 *(.text.*)
 .text.KP_VidInit
                0x0000028a       0x1a Atmega32-drivers/HAL/KeyPad/KeyPad.o
                0x0000028a                KP_VidInit
 .text.KP_u8GetKey
                0x000002a4       0x7c Atmega32-drivers/HAL/KeyPad/KeyPad.o
                0x000002a4                KP_u8GetKey
 .text.LCD_kick
                0x00000320       0x1e Atmega32-drivers/HAL/LCD/LCD.o
                0x00000320                LCD_kick
 .text.LCD_SendCommand
                0x0000033e       0x44 Atmega32-drivers/HAL/LCD/LCD.o
                0x0000033e                LCD_SendCommand
 .text.LCD_init
                0x00000382       0x58 Atmega32-drivers/HAL/LCD/LCD.o
                0x00000382                LCD_init
 .text.LCD_SendData
                0x000003da       0x44 Atmega32-drivers/HAL/LCD/LCD.o
                0x000003da                LCD_SendData
 .text.DIO_WritePinDir
                0x0000041e       0xe0 Atmega32-drivers/MCAL/DIO/DIO.o
                0x0000041e                DIO_WritePinDir
 .text.DIO_WritePin
                0x000004fe       0xe0 Atmega32-drivers/MCAL/DIO/DIO.o
                0x000004fe                DIO_WritePin
 .text.DIO_ReadPin
                0x000005de       0x62 Atmega32-drivers/MCAL/DIO/DIO.o
                0x000005de                DIO_ReadPin
 .text.Dio_WritePortLevel
                0x00000640       0x4e Atmega32-drivers/MCAL/DIO/DIO.o
                0x00000640                Dio_WritePortLevel
 .text.Dio_WriteHighNibbleVal
                0x0000068e       0x56 Atmega32-drivers/MCAL/DIO/DIO.o
                0x0000068e                Dio_WriteHighNibbleVal
 .text.Dio_WriteHighNibbleDir
                0x000006e4       0x66 Atmega32-drivers/MCAL/DIO/DIO.o
                0x000006e4                Dio_WriteHighNibbleDir
 .text.Dio_WriteLowNibbleDir
                0x0000074a       0x66 Atmega32-drivers/MCAL/DIO/DIO.o
                0x0000074a                Dio_WriteLowNibbleDir
 .text.pvPortMalloc
                0x000007b0      0x134 Atmega32-drivers/RTOS/heap_2.o
                0x000007b0                pvPortMalloc
 .text.vPortFree
                0x000008e4       0x66 Atmega32-drivers/RTOS/heap_2.o
                0x000008e4                vPortFree
 .text.vListInitialise
                0x0000094a       0x1c Atmega32-drivers/RTOS/list.o
                0x0000094a                vListInitialise
 .text.vListInitialiseItem
                0x00000966        0x8 Atmega32-drivers/RTOS/list.o
                0x00000966                vListInitialiseItem
 .text.vListInsertEnd
                0x0000096e       0x42 Atmega32-drivers/RTOS/list.o
                0x0000096e                vListInsertEnd
 .text.vListInsert
                0x000009b0       0x62 Atmega32-drivers/RTOS/list.o
                0x000009b0                vListInsert
 .text.uxListRemove
                0x00000a12       0x4e Atmega32-drivers/RTOS/list.o
                0x00000a12                uxListRemove
 .text.pxPortInitialiseStack
                0x00000a60       0xd8 Atmega32-drivers/RTOS/port.o
                0x00000a60                pxPortInitialiseStack
 .text.xPortStartScheduler
                0x00000b38       0x6a Atmega32-drivers/RTOS/port.o
                0x00000b38                xPortStartScheduler
 .text.vPortYield
                0x00000ba2       0xb2 Atmega32-drivers/RTOS/port.o
                0x00000ba2                vPortYield
 .text.vPortYieldFromTick
                0x00000c54       0xb8 Atmega32-drivers/RTOS/port.o
                0x00000c54                vPortYieldFromTick
 .text.__vector_7
                0x00000d0c        0x6 Atmega32-drivers/RTOS/port.o
                0x00000d0c                __vector_7
 .text.prvIsQueueEmpty
                0x00000d12       0x16 Atmega32-drivers/RTOS/queue.o
 .text.prvCopyDataToQueue
                0x00000d28       0x92 Atmega32-drivers/RTOS/queue.o
 .text.prvCopyDataFromQueue
                0x00000dba       0x34 Atmega32-drivers/RTOS/queue.o
 .text.prvUnlockQueue
                0x00000dee       0x9a Atmega32-drivers/RTOS/queue.o
 .text.xQueueGenericReset
                0x00000e88       0x8c Atmega32-drivers/RTOS/queue.o
                0x00000e88                xQueueGenericReset
 .text.xQueueGenericCreate
                0x00000f14       0x46 Atmega32-drivers/RTOS/queue.o
                0x00000f14                xQueueGenericCreate
 .text.xQueueGenericSend
                0x00000f5a      0x142 Atmega32-drivers/RTOS/queue.o
                0x00000f5a                xQueueGenericSend
 .text.xQueueReceive
                0x0000109c      0x132 Atmega32-drivers/RTOS/queue.o
                0x0000109c                xQueueReceive
 .text.prvResetNextTaskUnblockTime
                0x000011ce       0x38 Atmega32-drivers/RTOS/tasks.o
 .text.prvIdleTask
                0x00001206       0x70 Atmega32-drivers/RTOS/tasks.o
 .text.prvAddCurrentTaskToDelayedList
                0x00001276       0x88 Atmega32-drivers/RTOS/tasks.o
 .text.xTaskCreate
                0x000012fe      0x220 Atmega32-drivers/RTOS/tasks.o
                0x000012fe                xTaskCreate
 .text.vTaskStartScheduler
                0x0000151e       0x54 Atmega32-drivers/RTOS/tasks.o
                0x0000151e                vTaskStartScheduler
 .text.vTaskSuspendAll
                0x00001572        0xc Atmega32-drivers/RTOS/tasks.o
                0x00001572                vTaskSuspendAll
 .text.xTaskIncrementTick
                0x0000157e      0x17e Atmega32-drivers/RTOS/tasks.o
                0x0000157e                xTaskIncrementTick
 .text.xTaskResumeAll
                0x000016fc      0x106 Atmega32-drivers/RTOS/tasks.o
                0x000016fc                xTaskResumeAll
 .text.vTaskDelay
                0x00001802       0x28 Atmega32-drivers/RTOS/tasks.o
                0x00001802                vTaskDelay
 .text.vTaskSwitchContext
                0x0000182a       0xcc Atmega32-drivers/RTOS/tasks.o
                0x0000182a                vTaskSwitchContext
 .text.vTaskPlaceOnEventList
                0x000018f6       0x24 Atmega32-drivers/RTOS/tasks.o
                0x000018f6                vTaskPlaceOnEventList
 .text.xTaskRemoveFromEventList
                0x0000191a       0x90 Atmega32-drivers/RTOS/tasks.o
                0x0000191a                xTaskRemoveFromEventList
 .text.vTaskInternalSetTimeOutState
                0x000019aa       0x16 Atmega32-drivers/RTOS/tasks.o
                0x000019aa                vTaskInternalSetTimeOutState
 .text.xTaskCheckForTimeOut
                0x000019c0       0x62 Atmega32-drivers/RTOS/tasks.o
                0x000019c0                xTaskCheckForTimeOut
 .text.vTaskMissedYield
                0x00001a22        0x8 Atmega32-drivers/RTOS/tasks.o
                0x00001a22                vTaskMissedYield
 .text.kp_Send  0x00001a2a       0x36 main.o
                0x00001a2a                kp_Send
 .text.Seg_Receive
                0x00001a60       0x2c main.o
                0x00001a60                Seg_Receive
 .text.main     0x00001a8c       0x48 main.o
                0x00001a8c                main
 .text.libgcc   0x00001ad4        0xc c:/program files (x86)/atmel/studio/7.0/toolchain/avr8/avr8-gnu-toolchain/bin/../lib/gcc/avr/5.4.0/avr5\libgcc.a(_tablejump2.o)
                0x00001ad4                __tablejump2__
 .text.avr-libc
                0x00001ae0       0x12 c:/program files (x86)/atmel/studio/7.0/toolchain/avr8/avr8-gnu-toolchain/bin/../lib/gcc/avr/5.4.0/../../../../avr/lib/avr5\libc.a(memcpy.o)
                0x00001ae0                memcpy
                0x00001af2                . = ALIGN (0x2)
 *(.fini9)
 .fini9         0x00001af2        0x0 c:/program files (x86)/atmel/studio/7.0/toolchain/avr8/avr8-gnu-toolchain/bin/../lib/gcc/avr/5.4.0/avr5\libgcc.a(_exit.o)
                0x00001af2                _exit
                0x00001af2                exit
 *(.fini9)
 *(.fini8)
 *(.fini8)
 *(.fini7)
 *(.fini7)
 *(.fini6)
 *(.fini6)
 *(.fini5)
 *(.fini5)
 *(.fini4)
 *(.fini4)
 *(.fini3)
 *(.fini3)
 *(.fini2)
 *(.fini2)
 *(.fini1)
 *(.fini1)
 *(.fini0)
 .fini0         0x00001af2        0x4 c:/program files (x86)/atmel/studio/7.0/toolchain/avr8/avr8-gnu-toolchain/bin/../lib/gcc/avr/5.4.0/avr5\libgcc.a(_exit.o)
 *(.fini0)
                0x00001af6                _etext = .

.data           0x00800060       0x20 load address 0x00001af6
                0x00800060                PROVIDE (__data_start, .)
 *(.data)
 *(.data*)
 .data.Keys     0x00800060        0xc Atmega32-drivers/HAL/KeyPad/KeyPad.o
                0x00800060                Keys
 .data.xFreeBytesRemaining
                0x0080006c        0x2 Atmega32-drivers/RTOS/heap_2.o
 *(.gnu.linkonce.d*)
 *(.rodata)
 *(.rodata*)
 .rodata.str1.1
                0x0080006e        0x5 Atmega32-drivers/RTOS/tasks.o
 .rodata.str1.1
                0x00800073        0xd main.o
 *(.gnu.linkonce.r*)
                0x00800080                . = ALIGN (0x2)
                0x00800080                _edata = .
                0x00800080                PROVIDE (__data_end, .)

.bss            0x00800080      0x645
                0x00800080                PROVIDE (__bss_start, .)
 *(.bss)
 *(.bss*)
 .bss.xHeapHasBeenInitialised.2118
                0x00800080        0x1 Atmega32-drivers/RTOS/heap_2.o
 .bss.xEnd      0x00800081        0x4 Atmega32-drivers/RTOS/heap_2.o
 .bss.xStart    0x00800085        0x4 Atmega32-drivers/RTOS/heap_2.o
 .bss.ucHeap    0x00800089      0x5dc Atmega32-drivers/RTOS/heap_2.o
 .bss.uxSchedulerSuspended
                0x00800665        0x1 Atmega32-drivers/RTOS/tasks.o
 .bss.xIdleTaskHandle
                0x00800666        0x2 Atmega32-drivers/RTOS/tasks.o
 .bss.xNextTaskUnblockTime
                0x00800668        0x2 Atmega32-drivers/RTOS/tasks.o
 .bss.uxTaskNumber
                0x0080066a        0x1 Atmega32-drivers/RTOS/tasks.o
 .bss.xNumOfOverflows
                0x0080066b        0x1 Atmega32-drivers/RTOS/tasks.o
 .bss.xYieldPending
                0x0080066c        0x1 Atmega32-drivers/RTOS/tasks.o
 .bss.xPendedTicks
                0x0080066d        0x2 Atmega32-drivers/RTOS/tasks.o
 .bss.xSchedulerRunning
                0x0080066f        0x1 Atmega32-drivers/RTOS/tasks.o
 .bss.uxTopReadyPriority
                0x00800670        0x1 Atmega32-drivers/RTOS/tasks.o
 .bss.xTickCount
                0x00800671        0x2 Atmega32-drivers/RTOS/tasks.o
 .bss.uxCurrentNumberOfTasks
                0x00800673        0x1 Atmega32-drivers/RTOS/tasks.o
 .bss.uxDeletedTasksWaitingCleanUp
                0x00800674        0x1 Atmega32-drivers/RTOS/tasks.o
 .bss.xTasksWaitingTermination
                0x00800675        0x9 Atmega32-drivers/RTOS/tasks.o
 .bss.xPendingReadyList
                0x0080067e        0x9 Atmega32-drivers/RTOS/tasks.o
 .bss.pxOverflowDelayedTaskList
                0x00800687        0x2 Atmega32-drivers/RTOS/tasks.o
 .bss.pxDelayedTaskList
                0x00800689        0x2 Atmega32-drivers/RTOS/tasks.o
 .bss.xDelayedTaskList2
                0x0080068b        0x9 Atmega32-drivers/RTOS/tasks.o
 .bss.xDelayedTaskList1
                0x00800694        0x9 Atmega32-drivers/RTOS/tasks.o
 .bss.pxReadyTasksLists
                0x0080069d       0x24 Atmega32-drivers/RTOS/tasks.o
 .bss.pxCurrentTCB
                0x008006c1        0x2 Atmega32-drivers/RTOS/tasks.o
                0x008006c1                pxCurrentTCB
 *(COMMON)
 COMMON         0x008006c3        0x2 main.o
                0x008006c3                kpVal
                0x008006c5                PROVIDE (__bss_end, .)
                0x00001af6                __data_load_start = LOADADDR (.data)
                0x00001b16                __data_load_end = (__data_load_start + SIZEOF (.data))

.noinit         0x008006c5        0x0
                [!provide]                PROVIDE (__noinit_start, .)
 *(.noinit*)
                [!provide]                PROVIDE (__noinit_end, .)
                0x008006c5                _end = .
                [!provide]                PROVIDE (__heap_start, .)

.eeprom         0x00810000        0x0
 *(.eeprom*)
                0x00810000                __eeprom_end = .

.fuse
 *(.fuse)
 *(.lfuse)
 *(.hfuse)
 *(.efuse)

.lock
 *(.lock*)

.signature
 *(.signature*)

.user_signatures
 *(.user_signatures*)

.stab
 *(.stab)

.stabstr
 *(.stabstr)

.stab.excl
 *(.stab.excl)

.stab.exclstr
 *(.stab.exclstr)

.stab.index
 *(.stab.index)

.stab.indexstr
 *(.stab.indexstr)

.comment        0x00000000       0x30
 *(.comment)
 .comment       0x00000000       0x30 Atmega32-drivers/HAL/KeyPad/KeyPad.o
                                 0x31 (size before relaxing)
 .comment       0x00000030       0x31 Atmega32-drivers/HAL/LCD/LCD.o
 .comment       0x00000030       0x31 Atmega32-drivers/MCAL/DIO/DIO.o
 .comment       0x00000030       0x31 Atmega32-drivers/RTOS/heap_2.o
 .comment       0x00000030       0x31 Atmega32-drivers/RTOS/list.o
 .comment       0x00000030       0x31 Atmega32-drivers/RTOS/port.o
 .comment       0x00000030       0x31 Atmega32-drivers/RTOS/queue.o
 .comment       0x00000030       0x31 Atmega32-drivers/RTOS/tasks.o
 .comment       0x00000030       0x31 main.o

.note.gnu.avr.deviceinfo
                0x00000000       0x3c
 .note.gnu.avr.deviceinfo
                0x00000000       0x3c C:/Program Files (x86)/Atmel/Studio/7.0/Packs/atmel/ATmega_DFP/1.3.300/gcc/dev/atmega32a/avr5/crtatmega32a.o

.note.gnu.build-id
 *(.note.gnu.build-id)

.debug
 *(.debug)

.line
 *(.line)

.debug_srcinfo
 *(.debug_srcinfo)

.debug_sfnames
 *(.debug_sfnames)

.debug_aranges  0x00000000      0x400
 *(.debug_aranges)
 .debug_aranges
                0x00000000       0x28 Atmega32-drivers/HAL/KeyPad/KeyPad.o
 .debug_aranges
                0x00000028       0x78 Atmega32-drivers/HAL/LCD/LCD.o
 .debug_aranges
                0x000000a0       0x70 Atmega32-drivers/MCAL/DIO/DIO.o
 .debug_aranges
                0x00000110       0x38 Atmega32-drivers/RTOS/heap_2.o
 .debug_aranges
                0x00000148       0x40 Atmega32-drivers/RTOS/list.o
 .debug_aranges
                0x00000188       0x48 Atmega32-drivers/RTOS/port.o
 .debug_aranges
                0x000001d0       0xd8 Atmega32-drivers/RTOS/queue.o
 .debug_aranges
                0x000002a8      0x128 Atmega32-drivers/RTOS/tasks.o
 .debug_aranges
                0x000003d0       0x30 main.o

.debug_pubnames
 *(.debug_pubnames)

.debug_info     0x00000000     0x515e
 *(.debug_info .gnu.linkonce.wi.*)
 .debug_info    0x00000000      0x4e6 C:/Program Files (x86)/Atmel/Studio/7.0/Packs/atmel/ATmega_DFP/1.3.300/gcc/dev/atmega32a/avr5/crtatmega32a.o
 .debug_info    0x000004e6      0x24d Atmega32-drivers/HAL/KeyPad/KeyPad.o
 .debug_info    0x00000733      0x9bf Atmega32-drivers/HAL/LCD/LCD.o
 .debug_info    0x000010f2      0x3c2 Atmega32-drivers/MCAL/DIO/DIO.o
 .debug_info    0x000014b4      0x333 Atmega32-drivers/RTOS/heap_2.o
 .debug_info    0x000017e7      0x2d8 Atmega32-drivers/RTOS/list.o
 .debug_info    0x00001abf      0x263 Atmega32-drivers/RTOS/port.o
 .debug_info    0x00001d22     0x1773 Atmega32-drivers/RTOS/queue.o
 .debug_info    0x00003495     0x197e Atmega32-drivers/RTOS/tasks.o
 .debug_info    0x00004e13      0x34b main.o

.debug_abbrev   0x00000000     0x13da
 *(.debug_abbrev)
 .debug_abbrev  0x00000000      0x4a3 C:/Program Files (x86)/Atmel/Studio/7.0/Packs/atmel/ATmega_DFP/1.3.300/gcc/dev/atmega32a/avr5/crtatmega32a.o
 .debug_abbrev  0x000004a3      0x110 Atmega32-drivers/HAL/KeyPad/KeyPad.o
 .debug_abbrev  0x000005b3      0x237 Atmega32-drivers/HAL/LCD/LCD.o
 .debug_abbrev  0x000007ea      0x149 Atmega32-drivers/MCAL/DIO/DIO.o
 .debug_abbrev  0x00000933      0x1ab Atmega32-drivers/RTOS/heap_2.o
 .debug_abbrev  0x00000ade       0xff Atmega32-drivers/RTOS/list.o
 .debug_abbrev  0x00000bdd      0x155 Atmega32-drivers/RTOS/port.o
 .debug_abbrev  0x00000d32      0x284 Atmega32-drivers/RTOS/queue.o
 .debug_abbrev  0x00000fb6      0x305 Atmega32-drivers/RTOS/tasks.o
 .debug_abbrev  0x000012bb      0x11f main.o

.debug_line     0x00000000     0x2d54
 *(.debug_line .debug_line.* .debug_line_end)
 .debug_line    0x00000000      0x115 C:/Program Files (x86)/Atmel/Studio/7.0/Packs/atmel/ATmega_DFP/1.3.300/gcc/dev/atmega32a/avr5/crtatmega32a.o
 .debug_line    0x00000115      0x140 Atmega32-drivers/HAL/KeyPad/KeyPad.o
 .debug_line    0x00000255      0x43f Atmega32-drivers/HAL/LCD/LCD.o
 .debug_line    0x00000694      0x46d Atmega32-drivers/MCAL/DIO/DIO.o
 .debug_line    0x00000b01      0x290 Atmega32-drivers/RTOS/heap_2.o
 .debug_line    0x00000d91      0x1e4 Atmega32-drivers/RTOS/list.o
 .debug_line    0x00000f75      0x29c Atmega32-drivers/RTOS/port.o
 .debug_line    0x00001211      0xbe4 Atmega32-drivers/RTOS/queue.o
 .debug_line    0x00001df5      0xd74 Atmega32-drivers/RTOS/tasks.o
 .debug_line    0x00002b69      0x1eb main.o

.debug_frame    0x00000000      0xc60
 *(.debug_frame)
 .debug_frame   0x00000000       0x58 Atmega32-drivers/HAL/KeyPad/KeyPad.o
 .debug_frame   0x00000058      0x188 Atmega32-drivers/HAL/LCD/LCD.o
 .debug_frame   0x000001e0       0xc4 Atmega32-drivers/MCAL/DIO/DIO.o
 .debug_frame   0x000002a4       0x7c Atmega32-drivers/RTOS/heap_2.o
 .debug_frame   0x00000320       0x88 Atmega32-drivers/RTOS/list.o
 .debug_frame   0x000003a8       0x74 Atmega32-drivers/RTOS/port.o
 .debug_frame   0x0000041c      0x368 Atmega32-drivers/RTOS/queue.o
 .debug_frame   0x00000784      0x478 Atmega32-drivers/RTOS/tasks.o
 .debug_frame   0x00000bfc       0x64 main.o

.debug_str      0x00000000     0x1768
 *(.debug_str)
 .debug_str     0x00000000      0x196 C:/Program Files (x86)/Atmel/Studio/7.0/Packs/atmel/ATmega_DFP/1.3.300/gcc/dev/atmega32a/avr5/crtatmega32a.o
 .debug_str     0x00000196      0x235 Atmega32-drivers/HAL/KeyPad/KeyPad.o
                                0x269 (size before relaxing)
 .debug_str     0x000003cb      0x199 Atmega32-drivers/HAL/LCD/LCD.o
                                0x38c (size before relaxing)
 .debug_str     0x00000564       0xa0 Atmega32-drivers/MCAL/DIO/DIO.o
                                0x2b8 (size before relaxing)
 .debug_str     0x00000604      0x198 Atmega32-drivers/RTOS/heap_2.o
                                0x32b (size before relaxing)
 .debug_str     0x0000079c      0x149 Atmega32-drivers/RTOS/list.o
                                0x2e2 (size before relaxing)
 .debug_str     0x000008e5      0x12c Atmega32-drivers/RTOS/port.o
                                0x2db (size before relaxing)
 .debug_str     0x00000a11      0x57b Atmega32-drivers/RTOS/queue.o
                                0x84f (size before relaxing)
 .debug_str     0x00000f8c      0x7a9 Atmega32-drivers/RTOS/tasks.o
                                0xc52 (size before relaxing)
 .debug_str     0x00001735       0x33 main.o
                                0x2ac (size before relaxing)

.debug_loc      0x00000000     0x5459
 *(.debug_loc)
 .debug_loc     0x00000000       0xf4 Atmega32-drivers/HAL/KeyPad/KeyPad.o
 .debug_loc     0x000000f4      0x7db Atmega32-drivers/HAL/LCD/LCD.o
 .debug_loc     0x000008cf      0x8b7 Atmega32-drivers/MCAL/DIO/DIO.o
 .debug_loc     0x00001186      0x2ef Atmega32-drivers/RTOS/heap_2.o
 .debug_loc     0x00001475      0x145 Atmega32-drivers/RTOS/list.o
 .debug_loc     0x000015ba      0x2a0 Atmega32-drivers/RTOS/port.o
 .debug_loc     0x0000185a     0x1f34 Atmega32-drivers/RTOS/queue.o
 .debug_loc     0x0000378e     0x1bef Atmega32-drivers/RTOS/tasks.o
 .debug_loc     0x0000537d       0xdc main.o

.debug_macinfo
 *(.debug_macinfo)

.debug_weaknames
 *(.debug_weaknames)

.debug_funcnames
 *(.debug_funcnames)

.debug_typenames
 *(.debug_typenames)

.debug_varnames
 *(.debug_varnames)

.debug_pubtypes
 *(.debug_pubtypes)

.debug_ranges   0x00000000      0x478
 *(.debug_ranges)
 .debug_ranges  0x00000000       0x18 Atmega32-drivers/HAL/KeyPad/KeyPad.o
 .debug_ranges  0x00000018       0x68 Atmega32-drivers/HAL/LCD/LCD.o
 .debug_ranges  0x00000080       0x60 Atmega32-drivers/MCAL/DIO/DIO.o
 .debug_ranges  0x000000e0       0x28 Atmega32-drivers/RTOS/heap_2.o
 .debug_ranges  0x00000108       0x30 Atmega32-drivers/RTOS/list.o
 .debug_ranges  0x00000138       0x38 Atmega32-drivers/RTOS/port.o
 .debug_ranges  0x00000170      0x158 Atmega32-drivers/RTOS/queue.o
 .debug_ranges  0x000002c8      0x190 Atmega32-drivers/RTOS/tasks.o
 .debug_ranges  0x00000458       0x20 main.o

.debug_macro
 *(.debug_macro)
OUTPUT(RTOS_Assignment.elf elf32-avr)
LOAD linker stubs
